// Jest Snapshot v1, https://goo.gl/fbAQLP

exports[`Render GenreList 1`] = `
<ul
  className="catalog__genres-list"
>
  <li
    className="catalog__genres-item catalog__genres-item--active"
  >
    <a
      className="catalog__genres-link"
      href="#"
      onClick={[Function]}
    >
      All genre
    </a>
  </li>
  <li
    className="catalog__genres-item false"
  >
    <a
      className="catalog__genres-link"
      href="#"
      onClick={[Function]}
    >
      Action
    </a>
  </li>
  <li
    className="catalog__genres-item false"
  >
    <a
      className="catalog__genres-link"
      href="#"
      onClick={[Function]}
    >
      Adventure
    </a>
  </li>
</ul>
`;
